// Jest Snapshot v1, https://goo.gl/fbAQLP

exports[`Film Profile matches snapshot 1`] = `
<div>
  <section
    class="flex flex-col md:flex-row md:gap-x-10"
  >
    <div
      class="flex justify-center pb-5"
    >
      <span
        style="box-sizing: border-box; display: inline-block; overflow: hidden; width: 250px; height: 350px; background: none; opacity: 1; border: 0px; margin: 0px; padding: 0px; position: relative;"
      >
        <img
          alt="film-poster"
          class="rounded-lg"
          data-nimg="fixed"
          decoding="async"
          src="data:image/gif;base64,R0lGODlhAQABAIAAAAAAAP///yH5BAEAAAAALAAAAAABAAEAAAIBRAA7"
          style="position: absolute; top: 0px; left: 0px; bottom: 0px; right: 0px; box-sizing: border-box; padding: 0px; margin: auto; display: block; width: 0px; height: 0px; min-width: 100%; max-width: 100%; min-height: 100%; max-height: 100%;"
        />
        <noscript />
      </span>
    </div>
    <div>
      <h1
        class="font-bold mb-2 text-2xl md:text-5xl"
        data-testid="film-title"
      >
        Star Wars: New Hope
      </h1>
      <div
        class="my-3"
      >
        <h3
          data-testid="film-director"
        >
          Director: Luke Skywalker
        </h3>
        <h3
          data-testid="film-producers"
        >
          Producers: Obi Wan Kenobi
        </h3>
      </div>
      <h2
        class="mb-2 text-2xl md:text-3xl"
      >
        Synopsis
      </h2>
      <p
        data-testid="film-synopsis"
      >
        Lorem ipsum dolor sit amet consectetur, adipisicing elit. Eligendi, itaque?
      </p>
    </div>
  </section>
</div>
`;
